12:09:40 **** Clean-only build of configuration Debug for project prgm_test_moteur ****
make -j8 clean 
rm -rf ./Nb_api/Src/can_api.cyclo ./Nb_api/Src/can_api.d ./Nb_api/Src/can_api.o ./Nb_api/Src/can_api.su ./Nb_api/Src/ihm_api.cyclo ./Nb_api/Src/ihm_api.d ./Nb_api/Src/ihm_api.o ./Nb_api/Src/ihm_api.su ./Nb_api/Src/nb_adc_api.cyclo ./Nb_api/Src/nb_adc_api.d ./Nb_api/Src/nb_adc_api.o ./Nb_api/Src/nb_adc_api.su ./Nb_api/Src/nb_api.cyclo ./Nb_api/Src/nb_api.d ./Nb_api/Src/nb_api.o ./Nb_api/Src/nb_api.su ./Nb_api/Src/nb_bus_api.cyclo ./Nb_api/Src/nb_bus_api.d ./Nb_api/Src/nb_bus_api.o ./Nb_api/Src/nb_bus_api.su ./Nb_api/Src/nb_dac_api.cyclo ./Nb_api/Src/nb_dac_api.d ./Nb_api/Src/nb_dac_api.o ./Nb_api/Src/nb_dac_api.su ./Nb_api/Src/nb_pwm_api.cyclo ./Nb_api/Src/nb_pwm_api.d ./Nb_api/Src/nb_pwm_api.o ./Nb_api/Src/nb_pwm_api.su
rm -rf ./Drivers/STM32F3xx_HAL_Driver/Src/stm32f3xx_hal.cyclo ./Drivers/STM32F3xx_HAL_Driver/Src/stm32f3xx_hal.d ./Drivers/STM32F3xx_HAL_Driver/Src/stm32f3xx_hal.o ./Drivers/STM32F3xx_HAL_Driver/Src/stm32f3xx_hal.su ./Drivers/STM32F3xx_HAL_Driver/Src/stm32f3xx_hal_adc.cyclo ./Drivers/STM32F3xx_HAL_Driver/Src/stm32f3xx_hal_adc.d ./Drivers/STM32F3xx_HAL_Driver/Src/stm32f3xx_hal_adc.o ./Drivers/STM32F3xx_HAL_Driver/Src/stm32f3xx_hal_adc.su ./Drivers/STM32F3xx_HAL_Driver/Src/stm32f3xx_hal_adc_ex.cyclo ./Drivers/STM32F3xx_HAL_Driver/Src/stm32f3xx_hal_adc_ex.d ./Drivers/STM32F3xx_HAL_Driver/Src/stm32f3xx_hal_adc_ex.o ./Drivers/STM32F3xx_HAL_Driver/Src/stm32f3xx_hal_adc_ex.su ./Drivers/STM32F3xx_HAL_Driver/Src/stm32f3xx_hal_can.cyclo ./Drivers/STM32F3xx_HAL_Driver/Src/stm32f3xx_hal_can.d ./Drivers/STM32F3xx_HAL_Driver/Src/stm32f3xx_hal_can.o ./Drivers/STM32F3xx_HAL_Driver/Src/stm32f3xx_hal_can.su ./Drivers/STM32F3xx_HAL_Driver/Src/stm32f3xx_hal_cortex.cyclo ./Drivers/STM32F3xx_HAL_Driver/Src/stm32f3xx_hal_cortex.d ./Drivers/STM32F3xx_HAL_Driver/Src/stm32f3xx_hal_cortex.o ./Drivers/STM32F3xx_HAL_Driver/Src/stm32f3xx_hal_cortex.su ./Drivers/STM32F3xx_HAL_Driver/Src/stm32f3xx_hal_dac.cyclo ./Drivers/STM32F3xx_HAL_Driver/Src/stm32f3xx_hal_dac.d ./Drivers/STM32F3xx_HAL_Driver/Src/stm32f3xx_hal_dac.o ./Drivers/STM32F3xx_HAL_Driver/Src/stm32f3xx_hal_dac.su ./Drivers/STM32F3xx_HAL_Driver/Src/stm32f3xx_hal_dac_ex.cyclo ./Drivers/STM32F3xx_HAL_Driver/Src/stm32f3xx_hal_dac_ex.d ./Drivers/STM32F3xx_HAL_Driver/Src/stm32f3xx_hal_dac_ex.o ./Drivers/STM32F3xx_HAL_Driver/Src/stm32f3xx_hal_dac_ex.su ./Drivers/STM32F3xx_HAL_Driver/Src/stm32f3xx_hal_dma.cyclo ./Drivers/STM32F3xx_HAL_Driver/Src/stm32f3xx_hal_dma.d ./Drivers/STM32F3xx_HAL_Driver/Src/stm32f3xx_hal_dma.o ./Drivers/STM32F3xx_HAL_Driver/Src/stm32f3xx_hal_dma.su ./Drivers/STM32F3xx_HAL_Driver/Src/stm32f3xx_hal_exti.cyclo ./Drivers/STM32F3xx_HAL_Driver/Src/stm32f3xx_hal_exti.d ./Drivers/STM32F3xx_HAL_Driver/Src/stm32f3xx_hal_exti.o ./Drivers/STM32F3xx_HAL_Driver/Src/stm32f3xx_hal_exti.su ./Drivers/STM32F3xx_HAL_Driver/Src/stm32f3xx_hal_flash.cyclo ./Drivers/STM32F3xx_HAL_Driver/Src/stm32f3xx_hal_flash.d ./Drivers/STM32F3xx_HAL_Driver/Src/stm32f3xx_hal_flash.o ./Drivers/STM32F3xx_HAL_Driver/Src/stm32f3xx_hal_flash.su ./Drivers/STM32F3xx_HAL_Driver/Src/stm32f3xx_hal_flash_ex.cyclo ./Drivers/STM32F3xx_HAL_Driver/Src/stm32f3xx_hal_flash_ex.d ./Drivers/STM32F3xx_HAL_Driver/Src/stm32f3xx_hal_flash_ex.o ./Drivers/STM32F3xx_HAL_Driver/Src/stm32f3xx_hal_flash_ex.su ./Drivers/STM32F3xx_HAL_Driver/Src/stm32f3xx_hal_gpio.cyclo ./Drivers/STM32F3xx_HAL_Driver/Src/stm32f3xx_hal_gpio.d ./Drivers/STM32F3xx_HAL_Driver/Src/stm32f3xx_hal_gpio.o ./Drivers/STM32F3xx_HAL_Driver/Src/stm32f3xx_hal_gpio.su ./Drivers/STM32F3xx_HAL_Driver/Src/stm32f3xx_hal_i2c.cyclo ./Drivers/STM32F3xx_HAL_Driver/Src/stm32f3xx_hal_i2c.d ./Drivers/STM32F3xx_HAL_Driver/Src/stm32f3xx_hal_i2c.o ./Drivers/STM32F3xx_HAL_Driver/Src/stm32f3xx_hal_i2c.su ./Drivers/STM32F3xx_HAL_Driver/Src/stm32f3xx_hal_i2c_ex.cyclo ./Drivers/STM32F3xx_HAL_Driver/Src/stm32f3xx_hal_i2c_ex.d ./Drivers/STM32F3xx_HAL_Driver/Src/stm32f3xx_hal_i2c_ex.o ./Drivers/STM32F3xx_HAL_Driver/Src/stm32f3xx_hal_i2c_ex.su ./Drivers/STM32F3xx_HAL_Driver/Src/stm32f3xx_hal_pwr.cyclo ./Drivers/STM32F3xx_HAL_Driver/Src/stm32f3xx_hal_pwr.d ./Drivers/STM32F3xx_HAL_Driver/Src/stm32f3xx_hal_pwr.o ./Drivers/STM32F3xx_HAL_Driver/Src/stm32f3xx_hal_pwr.su ./Drivers/STM32F3xx_HAL_Driver/Src/stm32f3xx_hal_pwr_ex.cyclo ./Drivers/STM32F3xx_HAL_Driver/Src/stm32f3xx_hal_pwr_ex.d ./Drivers/STM32F3xx_HAL_Driver/Src/stm32f3xx_hal_pwr_ex.o ./Drivers/STM32F3xx_HAL_Driver/Src/stm32f3xx_hal_pwr_ex.su ./Drivers/STM32F3xx_HAL_Driver/Src/stm32f3xx_hal_rcc.cyclo ./Drivers/STM32F3xx_HAL_Driver/Src/stm32f3xx_hal_rcc.d ./Drivers/STM32F3xx_HAL_Driver/Src/stm32f3xx_hal_rcc.o ./Drivers/STM32F3xx_HAL_Driver/Src/stm32f3xx_hal_rcc.su ./Drivers/STM32F3xx_HAL_Driver/Src/stm32f3xx_hal_rcc_ex.cyclo ./Drivers/STM32F3xx_HAL_Driver/Src/stm32f3xx_hal_rcc_ex.d ./Drivers/STM32F3xx_HAL_Driver/Src/stm32f3xx_hal_rcc_ex.o ./Drivers/STM32F3xx_HAL_Driver/Src/stm32f3xx_hal_rcc_ex.su ./Drivers/STM32F3xx_HAL_Driver/Src/stm32f3xx_hal_tim.cyclo ./Drivers/STM32F3xx_HAL_Driver/Src/stm32f3xx_hal_tim.d ./Drivers/STM32F3xx_HAL_Driver/Src/stm32f3xx_hal_tim.o ./Drivers/STM32F3xx_HAL_Driver/Src/stm32f3xx_hal_tim.su ./Drivers/STM32F3xx_HAL_Driver/Src/stm32f3xx_hal_tim_ex.cyclo ./Drivers/STM32F3xx_HAL_Driver/Src/stm32f3xx_hal_tim_ex.d ./Drivers/STM32F3xx_HAL_Driver/Src/stm32f3xx_hal_tim_ex.o ./Drivers/STM32F3xx_HAL_Driver/Src/stm32f3xx_hal_tim_ex.su
rm -rf ./Core/Startup/startup_stm32f303k8tx.d ./Core/Startup/startup_stm32f303k8tx.o
rm -rf ./Core/Src/adc.cyclo ./Core/Src/adc.d ./Core/Src/adc.o ./Core/Src/adc.su ./Core/Src/can.cyclo ./Core/Src/can.d ./Core/Src/can.o ./Core/Src/can.su ./Core/Src/dac.cyclo ./Core/Src/dac.d ./Core/Src/dac.o ./Core/Src/dac.su ./Core/Src/gpio.cyclo ./Core/Src/gpio.d ./Core/Src/gpio.o ./Core/Src/gpio.su ./Core/Src/main.cyclo ./Core/Src/main.d ./Core/Src/main.o ./Core/Src/main.su ./Core/Src/stm32f3xx_hal_msp.cyclo ./Core/Src/stm32f3xx_hal_msp.d ./Core/Src/stm32f3xx_hal_msp.o ./Core/Src/stm32f3xx_hal_msp.su ./Core/Src/stm32f3xx_it.cyclo ./Core/Src/stm32f3xx_it.d ./Core/Src/stm32f3xx_it.o ./Core/Src/stm32f3xx_it.su ./Core/Src/syscalls.cyclo ./Core/Src/syscalls.d ./Core/Src/syscalls.o ./Core/Src/syscalls.su ./Core/Src/sysmem.cyclo ./Core/Src/sysmem.d ./Core/Src/sysmem.o ./Core/Src/sysmem.su ./Core/Src/system_stm32f3xx.cyclo ./Core/Src/system_stm32f3xx.d ./Core/Src/system_stm32f3xx.o ./Core/Src/system_stm32f3xx.su ./Core/Src/tim.cyclo ./Core/Src/tim.d ./Core/Src/tim.o ./Core/Src/tim.su
rm -rf ./Common_api/Src/adc_dac_api.cyclo ./Common_api/Src/adc_dac_api.d ./Common_api/Src/adc_dac_api.o ./Common_api/Src/adc_dac_api.su ./Common_api/Src/clock_api.cyclo ./Common_api/Src/clock_api.d ./Common_api/Src/clock_api.o ./Common_api/Src/clock_api.su ./Common_api/Src/error_api.cyclo ./Common_api/Src/error_api.d ./Common_api/Src/error_api.o ./Common_api/Src/error_api.su ./Common_api/Src/gpio_api.cyclo ./Common_api/Src/gpio_api.d ./Common_api/Src/gpio_api.o ./Common_api/Src/gpio_api.su ./Common_api/Src/tim_api.cyclo ./Common_api/Src/tim_api.d ./Common_api/Src/tim_api.o ./Common_api/Src/tim_api.su
rm -rf default.size.stdout programme\ test.bin programme\ test.elf programme\ test.list programme\ test.map programme\\ test.elf
 
12:09:41 **** Build of configuration Debug for project prgm_test_moteur ****
make -j8 all 
arm-none-eabi-gcc "../Nb_api/Src/can_api.c" -mcpu=cortex-m4 -std=gnu11 -g3 -DDEBUG -DUSE_HAL_DRIVER -DSTM32F303x8 -c -I../Core/Inc -I../Drivers/STM32F3xx_HAL_Driver/Inc -I../Drivers/STM32F3xx_HAL_Driver/Inc/Legacy -I../Drivers/CMSIS/Device/ST/STM32F3xx/Include -I../Drivers/CMSIS/Include -I"C:/travail/Hugo_ROYO/Sae_Robot_H_T/prgm_test_moteur/Common_api/Inc" -I"C:/travail/Hugo_ROYO/Sae_Robot_H_T/prgm_test_moteur/Nb_api/Inc" -O0 -ffunction-sections -fdata-sections -Wall -fstack-usage -fcyclomatic-complexity -MMD -MP -MF"Nb_api/Src/can_api.d" -MT"Nb_api/Src/can_api.o" --specs=nano.specs -mfpu=fpv4-sp-d16 -mfloat-abi=hard -mthumb -o "Nb_api/Src/can_api.o"
arm-none-eabi-gcc "../Nb_api/Src/ihm_api.c" -mcpu=cortex-m4 -std=gnu11 -g3 -DDEBUG -DUSE_HAL_DRIVER -DSTM32F303x8 -c -I../Core/Inc -I../Drivers/STM32F3xx_HAL_Driver/Inc -I../Drivers/STM32F3xx_HAL_Driver/Inc/Legacy -I../Drivers/CMSIS/Device/ST/STM32F3xx/Include -I../Drivers/CMSIS/Include -I"C:/travail/Hugo_ROYO/Sae_Robot_H_T/prgm_test_moteur/Common_api/Inc" -I"C:/travail/Hugo_ROYO/Sae_Robot_H_T/prgm_test_moteur/Nb_api/Inc" -O0 -ffunction-sections -fdata-sections -Wall -fstack-usage -fcyclomatic-complexity -MMD -MP -MF"Nb_api/Src/ihm_api.d" -MT"Nb_api/Src/ihm_api.o" --specs=nano.specs -mfpu=fpv4-sp-d16 -mfloat-abi=hard -mthumb -o "Nb_api/Src/ihm_api.o"
arm-none-eabi-gcc "../Nb_api/Src/nb_adc_api.c" -mcpu=cortex-m4 -std=gnu11 -g3 -DDEBUG -DUSE_HAL_DRIVER -DSTM32F303x8 -c -I../Core/Inc -I../Drivers/STM32F3xx_HAL_Driver/Inc -I../Drivers/STM32F3xx_HAL_Driver/Inc/Legacy -I../Drivers/CMSIS/Device/ST/STM32F3xx/Include -I../Drivers/CMSIS/Include -I"C:/travail/Hugo_ROYO/Sae_Robot_H_T/prgm_test_moteur/Common_api/Inc" -I"C:/travail/Hugo_ROYO/Sae_Robot_H_T/prgm_test_moteur/Nb_api/Inc" -O0 -ffunction-sections -fdata-sections -Wall -fstack-usage -fcyclomatic-complexity -MMD -MP -MF"Nb_api/Src/nb_adc_api.d" -MT"Nb_api/Src/nb_adc_api.o" --specs=nano.specs -mfpu=fpv4-sp-d16 -mfloat-abi=hard -mthumb -o "Nb_api/Src/nb_adc_api.o"
arm-none-eabi-gcc "../Nb_api/Src/nb_api.c" -mcpu=cortex-m4 -std=gnu11 -g3 -DDEBUG -DUSE_HAL_DRIVER -DSTM32F303x8 -c -I../Core/Inc -I../Drivers/STM32F3xx_HAL_Driver/Inc -I../Drivers/STM32F3xx_HAL_Driver/Inc/Legacy -I../Drivers/CMSIS/Device/ST/STM32F3xx/Include -I../Drivers/CMSIS/Include -I"C:/travail/Hugo_ROYO/Sae_Robot_H_T/prgm_test_moteur/Common_api/Inc" -I"C:/travail/Hugo_ROYO/Sae_Robot_H_T/prgm_test_moteur/Nb_api/Inc" -O0 -ffunction-sections -fdata-sections -Wall -fstack-usage -fcyclomatic-complexity -MMD -MP -MF"Nb_api/Src/nb_api.d" -MT"Nb_api/Src/nb_api.o" --specs=nano.specs -mfpu=fpv4-sp-d16 -mfloat-abi=hard -mthumb -o "Nb_api/Src/nb_api.o"
arm-none-eabi-gcc "../Nb_api/Src/nb_bus_api.c" -mcpu=cortex-m4 -std=gnu11 -g3 -DDEBUG -DUSE_HAL_DRIVER -DSTM32F303x8 -c -I../Core/Inc -I../Drivers/STM32F3xx_HAL_Driver/Inc -I../Drivers/STM32F3xx_HAL_Driver/Inc/Legacy -I../Drivers/CMSIS/Device/ST/STM32F3xx/Include -I../Drivers/CMSIS/Include -I"C:/travail/Hugo_ROYO/Sae_Robot_H_T/prgm_test_moteur/Common_api/Inc" -I"C:/travail/Hugo_ROYO/Sae_Robot_H_T/prgm_test_moteur/Nb_api/Inc" -O0 -ffunction-sections -fdata-sections -Wall -fstack-usage -fcyclomatic-complexity -MMD -MP -MF"Nb_api/Src/nb_bus_api.d" -MT"Nb_api/Src/nb_bus_api.o" --specs=nano.specs -mfpu=fpv4-sp-d16 -mfloat-abi=hard -mthumb -o "Nb_api/Src/nb_bus_api.o"
arm-none-eabi-gcc "../Nb_api/Src/nb_dac_api.c" -mcpu=cortex-m4 -std=gnu11 -g3 -DDEBUG -DUSE_HAL_DRIVER -DSTM32F303x8 -c -I../Core/Inc -I../Drivers/STM32F3xx_HAL_Driver/Inc -I../Drivers/STM32F3xx_HAL_Driver/Inc/Legacy -I../Drivers/CMSIS/Device/ST/STM32F3xx/Include -I../Drivers/CMSIS/Include -I"C:/travail/Hugo_ROYO/Sae_Robot_H_T/prgm_test_moteur/Common_api/Inc" -I"C:/travail/Hugo_ROYO/Sae_Robot_H_T/prgm_test_moteur/Nb_api/Inc" -O0 -ffunction-sections -fdata-sections -Wall -fstack-usage -fcyclomatic-complexity -MMD -MP -MF"Nb_api/Src/nb_dac_api.d" -MT"Nb_api/Src/nb_dac_api.o" --specs=nano.specs -mfpu=fpv4-sp-d16 -mfloat-abi=hard -mthumb -o "Nb_api/Src/nb_dac_api.o"
arm-none-eabi-gcc "../Nb_api/Src/nb_pwm_api.c" -mcpu=cortex-m4 -std=gnu11 -g3 -DDEBUG -DUSE_HAL_DRIVER -DSTM32F303x8 -c -I../Core/Inc -I../Drivers/STM32F3xx_HAL_Driver/Inc -I../Drivers/STM32F3xx_HAL_Driver/Inc/Legacy -I../Drivers/CMSIS/Device/ST/STM32F3xx/Include -I../Drivers/CMSIS/Include -I"C:/travail/Hugo_ROYO/Sae_Robot_H_T/prgm_test_moteur/Common_api/Inc" -I"C:/travail/Hugo_ROYO/Sae_Robot_H_T/prgm_test_moteur/Nb_api/Inc" -O0 -ffunction-sections -fdata-sections -Wall -fstack-usage -fcyclomatic-complexity -MMD -MP -MF"Nb_api/Src/nb_pwm_api.d" -MT"Nb_api/Src/nb_pwm_api.o" --specs=nano.specs -mfpu=fpv4-sp-d16 -mfloat-abi=hard -mthumb -o "Nb_api/Src/nb_pwm_api.o"
arm-none-eabi-gcc "../Drivers/STM32F3xx_HAL_Driver/Src/stm32f3xx_hal.c" -mcpu=cortex-m4 -std=gnu11 -g3 -DDEBUG -DUSE_HAL_DRIVER -DSTM32F303x8 -c -I../Core/Inc -I../Drivers/STM32F3xx_HAL_Driver/Inc -I../Drivers/STM32F3xx_HAL_Driver/Inc/Legacy -I../Drivers/CMSIS/Device/ST/STM32F3xx/Include -I../Drivers/CMSIS/Include -I"C:/travail/Hugo_ROYO/Sae_Robot_H_T/prgm_test_moteur/Common_api/Inc" -I"C:/travail/Hugo_ROYO/Sae_Robot_H_T/prgm_test_moteur/Nb_api/Inc" -O0 -ffunction-sections -fdata-sections -Wall -fstack-usage -fcyclomatic-complexity -MMD -MP -MF"Drivers/STM32F3xx_HAL_Driver/Src/stm32f3xx_hal.d" -MT"Drivers/STM32F3xx_HAL_Driver/Src/stm32f3xx_hal.o" --specs=nano.specs -mfpu=fpv4-sp-d16 -mfloat-abi=hard -mthumb -o "Drivers/STM32F3xx_HAL_Driver/Src/stm32f3xx_hal.o"
arm-none-eabi-gcc "../Drivers/STM32F3xx_HAL_Driver/Src/stm32f3xx_hal_adc.c" -mcpu=cortex-m4 -std=gnu11 -g3 -DDEBUG -DUSE_HAL_DRIVER -DSTM32F303x8 -c -I../Core/Inc -I../Drivers/STM32F3xx_HAL_Driver/Inc -I../Drivers/STM32F3xx_HAL_Driver/Inc/Legacy -I../Drivers/CMSIS/Device/ST/STM32F3xx/Include -I../Drivers/CMSIS/Include -I"C:/travail/Hugo_ROYO/Sae_Robot_H_T/prgm_test_moteur/Common_api/Inc" -I"C:/travail/Hugo_ROYO/Sae_Robot_H_T/prgm_test_moteur/Nb_api/Inc" -O0 -ffunction-sections -fdata-sections -Wall -fstack-usage -fcyclomatic-complexity -MMD -MP -MF"Drivers/STM32F3xx_HAL_Driver/Src/stm32f3xx_hal_adc.d" -MT"Drivers/STM32F3xx_HAL_Driver/Src/stm32f3xx_hal_adc.o" --specs=nano.specs -mfpu=fpv4-sp-d16 -mfloat-abi=hard -mthumb -o "Drivers/STM32F3xx_HAL_Driver/Src/stm32f3xx_hal_adc.o"
arm-none-eabi-gcc "../Drivers/STM32F3xx_HAL_Driver/Src/stm32f3xx_hal_adc_ex.c" -mcpu=cortex-m4 -std=gnu11 -g3 -DDEBUG -DUSE_HAL_DRIVER -DSTM32F303x8 -c -I../Core/Inc -I../Drivers/STM32F3xx_HAL_Driver/Inc -I../Drivers/STM32F3xx_HAL_Driver/Inc/Legacy -I../Drivers/CMSIS/Device/ST/STM32F3xx/Include -I../Drivers/CMSIS/Include -I"C:/travail/Hugo_ROYO/Sae_Robot_H_T/prgm_test_moteur/Common_api/Inc" -I"C:/travail/Hugo_ROYO/Sae_Robot_H_T/prgm_test_moteur/Nb_api/Inc" -O0 -ffunction-sections -fdata-sections -Wall -fstack-usage -fcyclomatic-complexity -MMD -MP -MF"Drivers/STM32F3xx_HAL_Driver/Src/stm32f3xx_hal_adc_ex.d" -MT"Drivers/STM32F3xx_HAL_Driver/Src/stm32f3xx_hal_adc_ex.o" --specs=nano.specs -mfpu=fpv4-sp-d16 -mfloat-abi=hard -mthumb -o "Drivers/STM32F3xx_HAL_Driver/Src/stm32f3xx_hal_adc_ex.o"
arm-none-eabi-gcc "../Drivers/STM32F3xx_HAL_Driver/Src/stm32f3xx_hal_can.c" -mcpu=cortex-m4 -std=gnu11 -g3 -DDEBUG -DUSE_HAL_DRIVER -DSTM32F303x8 -c -I../Core/Inc -I../Drivers/STM32F3xx_HAL_Driver/Inc -I../Drivers/STM32F3xx_HAL_Driver/Inc/Legacy -I../Drivers/CMSIS/Device/ST/STM32F3xx/Include -I../Drivers/CMSIS/Include -I"C:/travail/Hugo_ROYO/Sae_Robot_H_T/prgm_test_moteur/Common_api/Inc" -I"C:/travail/Hugo_ROYO/Sae_Robot_H_T/prgm_test_moteur/Nb_api/Inc" -O0 -ffunction-sections -fdata-sections -Wall -fstack-usage -fcyclomatic-complexity -MMD -MP -MF"Drivers/STM32F3xx_HAL_Driver/Src/stm32f3xx_hal_can.d" -MT"Drivers/STM32F3xx_HAL_Driver/Src/stm32f3xx_hal_can.o" --specs=nano.specs -mfpu=fpv4-sp-d16 -mfloat-abi=hard -mthumb -o "Drivers/STM32F3xx_HAL_Driver/Src/stm32f3xx_hal_can.o"
arm-none-eabi-gcc "../Drivers/STM32F3xx_HAL_Driver/Src/stm32f3xx_hal_cortex.c" -mcpu=cortex-m4 -std=gnu11 -g3 -DDEBUG -DUSE_HAL_DRIVER -DSTM32F303x8 -c -I../Core/Inc -I../Drivers/STM32F3xx_HAL_Driver/Inc -I../Drivers/STM32F3xx_HAL_Driver/Inc/Legacy -I../Drivers/CMSIS/Device/ST/STM32F3xx/Include -I../Drivers/CMSIS/Include -I"C:/travail/Hugo_ROYO/Sae_Robot_H_T/prgm_test_moteur/Common_api/Inc" -I"C:/travail/Hugo_ROYO/Sae_Robot_H_T/prgm_test_moteur/Nb_api/Inc" -O0 -ffunction-sections -fdata-sections -Wall -fstack-usage -fcyclomatic-complexity -MMD -MP -MF"Drivers/STM32F3xx_HAL_Driver/Src/stm32f3xx_hal_cortex.d" -MT"Drivers/STM32F3xx_HAL_Driver/Src/stm32f3xx_hal_cortex.o" --specs=nano.specs -mfpu=fpv4-sp-d16 -mfloat-abi=hard -mthumb -o "Drivers/STM32F3xx_HAL_Driver/Src/stm32f3xx_hal_cortex.o"
arm-none-eabi-gcc "../Drivers/STM32F3xx_HAL_Driver/Src/stm32f3xx_hal_dac.c" -mcpu=cortex-m4 -std=gnu11 -g3 -DDEBUG -DUSE_HAL_DRIVER -DSTM32F303x8 -c -I../Core/Inc -I../Drivers/STM32F3xx_HAL_Driver/Inc -I../Drivers/STM32F3xx_HAL_Driver/Inc/Legacy -I../Drivers/CMSIS/Device/ST/STM32F3xx/Include -I../Drivers/CMSIS/Include -I"C:/travail/Hugo_ROYO/Sae_Robot_H_T/prgm_test_moteur/Common_api/Inc" -I"C:/travail/Hugo_ROYO/Sae_Robot_H_T/prgm_test_moteur/Nb_api/Inc" -O0 -ffunction-sections -fdata-sections -Wall -fstack-usage -fcyclomatic-complexity -MMD -MP -MF"Drivers/STM32F3xx_HAL_Driver/Src/stm32f3xx_hal_dac.d" -MT"Drivers/STM32F3xx_HAL_Driver/Src/stm32f3xx_hal_dac.o" --specs=nano.specs -mfpu=fpv4-sp-d16 -mfloat-abi=hard -mthumb -o "Drivers/STM32F3xx_HAL_Driver/Src/stm32f3xx_hal_dac.o"
arm-none-eabi-gcc "../Drivers/STM32F3xx_HAL_Driver/Src/stm32f3xx_hal_dac_ex.c" -mcpu=cortex-m4 -std=gnu11 -g3 -DDEBUG -DUSE_HAL_DRIVER -DSTM32F303x8 -c -I../Core/Inc -I../Drivers/STM32F3xx_HAL_Driver/Inc -I../Drivers/STM32F3xx_HAL_Driver/Inc/Legacy -I../Drivers/CMSIS/Device/ST/STM32F3xx/Include -I../Drivers/CMSIS/Include -I"C:/travail/Hugo_ROYO/Sae_Robot_H_T/prgm_test_moteur/Common_api/Inc" -I"C:/travail/Hugo_ROYO/Sae_Robot_H_T/prgm_test_moteur/Nb_api/Inc" -O0 -ffunction-sections -fdata-sections -Wall -fstack-usage -fcyclomatic-complexity -MMD -MP -MF"Drivers/STM32F3xx_HAL_Driver/Src/stm32f3xx_hal_dac_ex.d" -MT"Drivers/STM32F3xx_HAL_Driver/Src/stm32f3xx_hal_dac_ex.o" --specs=nano.specs -mfpu=fpv4-sp-d16 -mfloat-abi=hard -mthumb -o "Drivers/STM32F3xx_HAL_Driver/Src/stm32f3xx_hal_dac_ex.o"
arm-none-eabi-gcc "../Drivers/STM32F3xx_HAL_Driver/Src/stm32f3xx_hal_dma.c" -mcpu=cortex-m4 -std=gnu11 -g3 -DDEBUG -DUSE_HAL_DRIVER -DSTM32F303x8 -c -I../Core/Inc -I../Drivers/STM32F3xx_HAL_Driver/Inc -I../Drivers/STM32F3xx_HAL_Driver/Inc/Legacy -I../Drivers/CMSIS/Device/ST/STM32F3xx/Include -I../Drivers/CMSIS/Include -I"C:/travail/Hugo_ROYO/Sae_Robot_H_T/prgm_test_moteur/Common_api/Inc" -I"C:/travail/Hugo_ROYO/Sae_Robot_H_T/prgm_test_moteur/Nb_api/Inc" -O0 -ffunction-sections -fdata-sections -Wall -fstack-usage -fcyclomatic-complexity -MMD -MP -MF"Drivers/STM32F3xx_HAL_Driver/Src/stm32f3xx_hal_dma.d" -MT"Drivers/STM32F3xx_HAL_Driver/Src/stm32f3xx_hal_dma.o" --specs=nano.specs -mfpu=fpv4-sp-d16 -mfloat-abi=hard -mthumb -o "Drivers/STM32F3xx_HAL_Driver/Src/stm32f3xx_hal_dma.o"
arm-none-eabi-gcc "../Drivers/STM32F3xx_HAL_Driver/Src/stm32f3xx_hal_exti.c" -mcpu=cortex-m4 -std=gnu11 -g3 -DDEBUG -DUSE_HAL_DRIVER -DSTM32F303x8 -c -I../Core/Inc -I../Drivers/STM32F3xx_HAL_Driver/Inc -I../Drivers/STM32F3xx_HAL_Driver/Inc/Legacy -I../Drivers/CMSIS/Device/ST/STM32F3xx/Include -I../Drivers/CMSIS/Include -I"C:/travail/Hugo_ROYO/Sae_Robot_H_T/prgm_test_moteur/Common_api/Inc" -I"C:/travail/Hugo_ROYO/Sae_Robot_H_T/prgm_test_moteur/Nb_api/Inc" -O0 -ffunction-sections -fdata-sections -Wall -fstack-usage -fcyclomatic-complexity -MMD -MP -MF"Drivers/STM32F3xx_HAL_Driver/Src/stm32f3xx_hal_exti.d" -MT"Drivers/STM32F3xx_HAL_Driver/Src/stm32f3xx_hal_exti.o" --specs=nano.specs -mfpu=fpv4-sp-d16 -mfloat-abi=hard -mthumb -o "Drivers/STM32F3xx_HAL_Driver/Src/stm32f3xx_hal_exti.o"
arm-none-eabi-gcc "../Drivers/STM32F3xx_HAL_Driver/Src/stm32f3xx_hal_flash.c" -mcpu=cortex-m4 -std=gnu11 -g3 -DDEBUG -DUSE_HAL_DRIVER -DSTM32F303x8 -c -I../Core/Inc -I../Drivers/STM32F3xx_HAL_Driver/Inc -I../Drivers/STM32F3xx_HAL_Driver/Inc/Legacy -I../Drivers/CMSIS/Device/ST/STM32F3xx/Include -I../Drivers/CMSIS/Include -I"C:/travail/Hugo_ROYO/Sae_Robot_H_T/prgm_test_moteur/Common_api/Inc" -I"C:/travail/Hugo_ROYO/Sae_Robot_H_T/prgm_test_moteur/Nb_api/Inc" -O0 -ffunction-sections -fdata-sections -Wall -fstack-usage -fcyclomatic-complexity -MMD -MP -MF"Drivers/STM32F3xx_HAL_Driver/Src/stm32f3xx_hal_flash.d" -MT"Drivers/STM32F3xx_HAL_Driver/Src/stm32f3xx_hal_flash.o" --specs=nano.specs -mfpu=fpv4-sp-d16 -mfloat-abi=hard -mthumb -o "Drivers/STM32F3xx_HAL_Driver/Src/stm32f3xx_hal_flash.o"
arm-none-eabi-gcc "../Drivers/STM32F3xx_HAL_Driver/Src/stm32f3xx_hal_flash_ex.c" -mcpu=cortex-m4 -std=gnu11 -g3 -DDEBUG -DUSE_HAL_DRIVER -DSTM32F303x8 -c -I../Core/Inc -I../Drivers/STM32F3xx_HAL_Driver/Inc -I../Drivers/STM32F3xx_HAL_Driver/Inc/Legacy -I../Drivers/CMSIS/Device/ST/STM32F3xx/Include -I../Drivers/CMSIS/Include -I"C:/travail/Hugo_ROYO/Sae_Robot_H_T/prgm_test_moteur/Common_api/Inc" -I"C:/travail/Hugo_ROYO/Sae_Robot_H_T/prgm_test_moteur/Nb_api/Inc" -O0 -ffunction-sections -fdata-sections -Wall -fstack-usage -fcyclomatic-complexity -MMD -MP -MF"Drivers/STM32F3xx_HAL_Driver/Src/stm32f3xx_hal_flash_ex.d" -MT"Drivers/STM32F3xx_HAL_Driver/Src/stm32f3xx_hal_flash_ex.o" --specs=nano.specs -mfpu=fpv4-sp-d16 -mfloat-abi=hard -mthumb -o "Drivers/STM32F3xx_HAL_Driver/Src/stm32f3xx_hal_flash_ex.o"
arm-none-eabi-gcc "../Drivers/STM32F3xx_HAL_Driver/Src/stm32f3xx_hal_gpio.c" -mcpu=cortex-m4 -std=gnu11 -g3 -DDEBUG -DUSE_HAL_DRIVER -DSTM32F303x8 -c -I../Core/Inc -I../Drivers/STM32F3xx_HAL_Driver/Inc -I../Drivers/STM32F3xx_HAL_Driver/Inc/Legacy -I../Drivers/CMSIS/Device/ST/STM32F3xx/Include -I../Drivers/CMSIS/Include -I"C:/travail/Hugo_ROYO/Sae_Robot_H_T/prgm_test_moteur/Common_api/Inc" -I"C:/travail/Hugo_ROYO/Sae_Robot_H_T/prgm_test_moteur/Nb_api/Inc" -O0 -ffunction-sections -fdata-sections -Wall -fstack-usage -fcyclomatic-complexity -MMD -MP -MF"Drivers/STM32F3xx_HAL_Driver/Src/stm32f3xx_hal_gpio.d" -MT"Drivers/STM32F3xx_HAL_Driver/Src/stm32f3xx_hal_gpio.o" --specs=nano.specs -mfpu=fpv4-sp-d16 -mfloat-abi=hard -mthumb -o "Drivers/STM32F3xx_HAL_Driver/Src/stm32f3xx_hal_gpio.o"
arm-none-eabi-gcc "../Drivers/STM32F3xx_HAL_Driver/Src/stm32f3xx_hal_i2c.c" -mcpu=cortex-m4 -std=gnu11 -g3 -DDEBUG -DUSE_HAL_DRIVER -DSTM32F303x8 -c -I../Core/Inc -I../Drivers/STM32F3xx_HAL_Driver/Inc -I../Drivers/STM32F3xx_HAL_Driver/Inc/Legacy -I../Drivers/CMSIS/Device/ST/STM32F3xx/Include -I../Drivers/CMSIS/Include -I"C:/travail/Hugo_ROYO/Sae_Robot_H_T/prgm_test_moteur/Common_api/Inc" -I"C:/travail/Hugo_ROYO/Sae_Robot_H_T/prgm_test_moteur/Nb_api/Inc" -O0 -ffunction-sections -fdata-sections -Wall -fstack-usage -fcyclomatic-complexity -MMD -MP -MF"Drivers/STM32F3xx_HAL_Driver/Src/stm32f3xx_hal_i2c.d" -MT"Drivers/STM32F3xx_HAL_Driver/Src/stm32f3xx_hal_i2c.o" --specs=nano.specs -mfpu=fpv4-sp-d16 -mfloat-abi=hard -mthumb -o "Drivers/STM32F3xx_HAL_Driver/Src/stm32f3xx_hal_i2c.o"
arm-none-eabi-gcc "../Drivers/STM32F3xx_HAL_Driver/Src/stm32f3xx_hal_i2c_ex.c" -mcpu=cortex-m4 -std=gnu11 -g3 -DDEBUG -DUSE_HAL_DRIVER -DSTM32F303x8 -c -I../Core/Inc -I../Drivers/STM32F3xx_HAL_Driver/Inc -I../Drivers/STM32F3xx_HAL_Driver/Inc/Legacy -I../Drivers/CMSIS/Device/ST/STM32F3xx/Include -I../Drivers/CMSIS/Include -I"C:/travail/Hugo_ROYO/Sae_Robot_H_T/prgm_test_moteur/Common_api/Inc" -I"C:/travail/Hugo_ROYO/Sae_Robot_H_T/prgm_test_moteur/Nb_api/Inc" -O0 -ffunction-sections -fdata-sections -Wall -fstack-usage -fcyclomatic-complexity -MMD -MP -MF"Drivers/STM32F3xx_HAL_Driver/Src/stm32f3xx_hal_i2c_ex.d" -MT"Drivers/STM32F3xx_HAL_Driver/Src/stm32f3xx_hal_i2c_ex.o" --specs=nano.specs -mfpu=fpv4-sp-d16 -mfloat-abi=hard -mthumb -o "Drivers/STM32F3xx_HAL_Driver/Src/stm32f3xx_hal_i2c_ex.o"
arm-none-eabi-gcc "../Drivers/STM32F3xx_HAL_Driver/Src/stm32f3xx_hal_pwr.c" -mcpu=cortex-m4 -std=gnu11 -g3 -DDEBUG -DUSE_HAL_DRIVER -DSTM32F303x8 -c -I../Core/Inc -I../Drivers/STM32F3xx_HAL_Driver/Inc -I../Drivers/STM32F3xx_HAL_Driver/Inc/Legacy -I../Drivers/CMSIS/Device/ST/STM32F3xx/Include -I../Drivers/CMSIS/Include -I"C:/travail/Hugo_ROYO/Sae_Robot_H_T/prgm_test_moteur/Common_api/Inc" -I"C:/travail/Hugo_ROYO/Sae_Robot_H_T/prgm_test_moteur/Nb_api/Inc" -O0 -ffunction-sections -fdata-sections -Wall -fstack-usage -fcyclomatic-complexity -MMD -MP -MF"Drivers/STM32F3xx_HAL_Driver/Src/stm32f3xx_hal_pwr.d" -MT"Drivers/STM32F3xx_HAL_Driver/Src/stm32f3xx_hal_pwr.o" --specs=nano.specs -mfpu=fpv4-sp-d16 -mfloat-abi=hard -mthumb -o "Drivers/STM32F3xx_HAL_Driver/Src/stm32f3xx_hal_pwr.o"
arm-none-eabi-gcc "../Drivers/STM32F3xx_HAL_Driver/Src/stm32f3xx_hal_pwr_ex.c" -mcpu=cortex-m4 -std=gnu11 -g3 -DDEBUG -DUSE_HAL_DRIVER -DSTM32F303x8 -c -I../Core/Inc -I../Drivers/STM32F3xx_HAL_Driver/Inc -I../Drivers/STM32F3xx_HAL_Driver/Inc/Legacy -I../Drivers/CMSIS/Device/ST/STM32F3xx/Include -I../Drivers/CMSIS/Include -I"C:/travail/Hugo_ROYO/Sae_Robot_H_T/prgm_test_moteur/Common_api/Inc" -I"C:/travail/Hugo_ROYO/Sae_Robot_H_T/prgm_test_moteur/Nb_api/Inc" -O0 -ffunction-sections -fdata-sections -Wall -fstack-usage -fcyclomatic-complexity -MMD -MP -MF"Drivers/STM32F3xx_HAL_Driver/Src/stm32f3xx_hal_pwr_ex.d" -MT"Drivers/STM32F3xx_HAL_Driver/Src/stm32f3xx_hal_pwr_ex.o" --specs=nano.specs -mfpu=fpv4-sp-d16 -mfloat-abi=hard -mthumb -o "Drivers/STM32F3xx_HAL_Driver/Src/stm32f3xx_hal_pwr_ex.o"
arm-none-eabi-gcc "../Drivers/STM32F3xx_HAL_Driver/Src/stm32f3xx_hal_rcc.c" -mcpu=cortex-m4 -std=gnu11 -g3 -DDEBUG -DUSE_HAL_DRIVER -DSTM32F303x8 -c -I../Core/Inc -I../Drivers/STM32F3xx_HAL_Driver/Inc -I../Drivers/STM32F3xx_HAL_Driver/Inc/Legacy -I../Drivers/CMSIS/Device/ST/STM32F3xx/Include -I../Drivers/CMSIS/Include -I"C:/travail/Hugo_ROYO/Sae_Robot_H_T/prgm_test_moteur/Common_api/Inc" -I"C:/travail/Hugo_ROYO/Sae_Robot_H_T/prgm_test_moteur/Nb_api/Inc" -O0 -ffunction-sections -fdata-sections -Wall -fstack-usage -fcyclomatic-complexity -MMD -MP -MF"Drivers/STM32F3xx_HAL_Driver/Src/stm32f3xx_hal_rcc.d" -MT"Drivers/STM32F3xx_HAL_Driver/Src/stm32f3xx_hal_rcc.o" --specs=nano.specs -mfpu=fpv4-sp-d16 -mfloat-abi=hard -mthumb -o "Drivers/STM32F3xx_HAL_Driver/Src/stm32f3xx_hal_rcc.o"
arm-none-eabi-gcc "../Drivers/STM32F3xx_HAL_Driver/Src/stm32f3xx_hal_rcc_ex.c" -mcpu=cortex-m4 -std=gnu11 -g3 -DDEBUG -DUSE_HAL_DRIVER -DSTM32F303x8 -c -I../Core/Inc -I../Drivers/STM32F3xx_HAL_Driver/Inc -I../Drivers/STM32F3xx_HAL_Driver/Inc/Legacy -I../Drivers/CMSIS/Device/ST/STM32F3xx/Include -I../Drivers/CMSIS/Include -I"C:/travail/Hugo_ROYO/Sae_Robot_H_T/prgm_test_moteur/Common_api/Inc" -I"C:/travail/Hugo_ROYO/Sae_Robot_H_T/prgm_test_moteur/Nb_api/Inc" -O0 -ffunction-sections -fdata-sections -Wall -fstack-usage -fcyclomatic-complexity -MMD -MP -MF"Drivers/STM32F3xx_HAL_Driver/Src/stm32f3xx_hal_rcc_ex.d" -MT"Drivers/STM32F3xx_HAL_Driver/Src/stm32f3xx_hal_rcc_ex.o" --specs=nano.specs -mfpu=fpv4-sp-d16 -mfloat-abi=hard -mthumb -o "Drivers/STM32F3xx_HAL_Driver/Src/stm32f3xx_hal_rcc_ex.o"
arm-none-eabi-gcc "../Drivers/STM32F3xx_HAL_Driver/Src/stm32f3xx_hal_tim.c" -mcpu=cortex-m4 -std=gnu11 -g3 -DDEBUG -DUSE_HAL_DRIVER -DSTM32F303x8 -c -I../Core/Inc -I../Drivers/STM32F3xx_HAL_Driver/Inc -I../Drivers/STM32F3xx_HAL_Driver/Inc/Legacy -I../Drivers/CMSIS/Device/ST/STM32F3xx/Include -I../Drivers/CMSIS/Include -I"C:/travail/Hugo_ROYO/Sae_Robot_H_T/prgm_test_moteur/Common_api/Inc" -I"C:/travail/Hugo_ROYO/Sae_Robot_H_T/prgm_test_moteur/Nb_api/Inc" -O0 -ffunction-sections -fdata-sections -Wall -fstack-usage -fcyclomatic-complexity -MMD -MP -MF"Drivers/STM32F3xx_HAL_Driver/Src/stm32f3xx_hal_tim.d" -MT"Drivers/STM32F3xx_HAL_Driver/Src/stm32f3xx_hal_tim.o" --specs=nano.specs -mfpu=fpv4-sp-d16 -mfloat-abi=hard -mthumb -o "Drivers/STM32F3xx_HAL_Driver/Src/stm32f3xx_hal_tim.o"
arm-none-eabi-gcc "../Drivers/STM32F3xx_HAL_Driver/Src/stm32f3xx_hal_tim_ex.c" -mcpu=cortex-m4 -std=gnu11 -g3 -DDEBUG -DUSE_HAL_DRIVER -DSTM32F303x8 -c -I../Core/Inc -I../Drivers/STM32F3xx_HAL_Driver/Inc -I../Drivers/STM32F3xx_HAL_Driver/Inc/Legacy -I../Drivers/CMSIS/Device/ST/STM32F3xx/Include -I../Drivers/CMSIS/Include -I"C:/travail/Hugo_ROYO/Sae_Robot_H_T/prgm_test_moteur/Common_api/Inc" -I"C:/travail/Hugo_ROYO/Sae_Robot_H_T/prgm_test_moteur/Nb_api/Inc" -O0 -ffunction-sections -fdata-sections -Wall -fstack-usage -fcyclomatic-complexity -MMD -MP -MF"Drivers/STM32F3xx_HAL_Driver/Src/stm32f3xx_hal_tim_ex.d" -MT"Drivers/STM32F3xx_HAL_Driver/Src/stm32f3xx_hal_tim_ex.o" --specs=nano.specs -mfpu=fpv4-sp-d16 -mfloat-abi=hard -mthumb -o "Drivers/STM32F3xx_HAL_Driver/Src/stm32f3xx_hal_tim_ex.o"
arm-none-eabi-gcc -mcpu=cortex-m4 -g3 -DDEBUG -c -I"C:/travail/Hugo_ROYO/Sae_Robot_H_T/prgm_test_moteur/Common_api/Inc" -I"C:/travail/Hugo_ROYO/Sae_Robot_H_T/prgm_test_moteur/Nb_api/Inc" -x assembler-with-cpp -MMD -MP -MF"Core/Startup/startup_stm32f303k8tx.d" -MT"Core/Startup/startup_stm32f303k8tx.o" --specs=nano.specs -mfpu=fpv4-sp-d16 -mfloat-abi=hard -mthumb -o "Core/Startup/startup_stm32f303k8tx.o" "../Core/Startup/startup_stm32f303k8tx.s"
arm-none-eabi-gcc "../Core/Src/adc.c" -mcpu=cortex-m4 -std=gnu11 -g3 -DDEBUG -DUSE_HAL_DRIVER -DSTM32F303x8 -c -I../Core/Inc -I../Drivers/STM32F3xx_HAL_Driver/Inc -I../Drivers/STM32F3xx_HAL_Driver/Inc/Legacy -I../Drivers/CMSIS/Device/ST/STM32F3xx/Include -I../Drivers/CMSIS/Include -I"C:/travail/Hugo_ROYO/Sae_Robot_H_T/prgm_test_moteur/Common_api/Inc" -I"C:/travail/Hugo_ROYO/Sae_Robot_H_T/prgm_test_moteur/Nb_api/Inc" -O0 -ffunction-sections -fdata-sections -Wall -fstack-usage -fcyclomatic-complexity -MMD -MP -MF"Core/Src/adc.d" -MT"Core/Src/adc.o" --specs=nano.specs -mfpu=fpv4-sp-d16 -mfloat-abi=hard -mthumb -o "Core/Src/adc.o"
arm-none-eabi-gcc "../Core/Src/can.c" -mcpu=cortex-m4 -std=gnu11 -g3 -DDEBUG -DUSE_HAL_DRIVER -DSTM32F303x8 -c -I../Core/Inc -I../Drivers/STM32F3xx_HAL_Driver/Inc -I../Drivers/STM32F3xx_HAL_Driver/Inc/Legacy -I../Drivers/CMSIS/Device/ST/STM32F3xx/Include -I../Drivers/CMSIS/Include -I"C:/travail/Hugo_ROYO/Sae_Robot_H_T/prgm_test_moteur/Common_api/Inc" -I"C:/travail/Hugo_ROYO/Sae_Robot_H_T/prgm_test_moteur/Nb_api/Inc" -O0 -ffunction-sections -fdata-sections -Wall -fstack-usage -fcyclomatic-complexity -MMD -MP -MF"Core/Src/can.d" -MT"Core/Src/can.o" --specs=nano.specs -mfpu=fpv4-sp-d16 -mfloat-abi=hard -mthumb -o "Core/Src/can.o"
arm-none-eabi-gcc "../Core/Src/dac.c" -mcpu=cortex-m4 -std=gnu11 -g3 -DDEBUG -DUSE_HAL_DRIVER -DSTM32F303x8 -c -I../Core/Inc -I../Drivers/STM32F3xx_HAL_Driver/Inc -I../Drivers/STM32F3xx_HAL_Driver/Inc/Legacy -I../Drivers/CMSIS/Device/ST/STM32F3xx/Include -I../Drivers/CMSIS/Include -I"C:/travail/Hugo_ROYO/Sae_Robot_H_T/prgm_test_moteur/Common_api/Inc" -I"C:/travail/Hugo_ROYO/Sae_Robot_H_T/prgm_test_moteur/Nb_api/Inc" -O0 -ffunction-sections -fdata-sections -Wall -fstack-usage -fcyclomatic-complexity -MMD -MP -MF"Core/Src/dac.d" -MT"Core/Src/dac.o" --specs=nano.specs -mfpu=fpv4-sp-d16 -mfloat-abi=hard -mthumb -o "Core/Src/dac.o"
arm-none-eabi-gcc "../Core/Src/gpio.c" -mcpu=cortex-m4 -std=gnu11 -g3 -DDEBUG -DUSE_HAL_DRIVER -DSTM32F303x8 -c -I../Core/Inc -I../Drivers/STM32F3xx_HAL_Driver/Inc -I../Drivers/STM32F3xx_HAL_Driver/Inc/Legacy -I../Drivers/CMSIS/Device/ST/STM32F3xx/Include -I../Drivers/CMSIS/Include -I"C:/travail/Hugo_ROYO/Sae_Robot_H_T/prgm_test_moteur/Common_api/Inc" -I"C:/travail/Hugo_ROYO/Sae_Robot_H_T/prgm_test_moteur/Nb_api/Inc" -O0 -ffunction-sections -fdata-sections -Wall -fstack-usage -fcyclomatic-complexity -MMD -MP -MF"Core/Src/gpio.d" -MT"Core/Src/gpio.o" --specs=nano.specs -mfpu=fpv4-sp-d16 -mfloat-abi=hard -mthumb -o "Core/Src/gpio.o"
arm-none-eabi-gcc "../Core/Src/main.c" -mcpu=cortex-m4 -std=gnu11 -g3 -DDEBUG -DUSE_HAL_DRIVER -DSTM32F303x8 -c -I../Core/Inc -I../Drivers/STM32F3xx_HAL_Driver/Inc -I../Drivers/STM32F3xx_HAL_Driver/Inc/Legacy -I../Drivers/CMSIS/Device/ST/STM32F3xx/Include -I../Drivers/CMSIS/Include -I"C:/travail/Hugo_ROYO/Sae_Robot_H_T/prgm_test_moteur/Common_api/Inc" -I"C:/travail/Hugo_ROYO/Sae_Robot_H_T/prgm_test_moteur/Nb_api/Inc" -O0 -ffunction-sections -fdata-sections -Wall -fstack-usage -fcyclomatic-complexity -MMD -MP -MF"Core/Src/main.d" -MT"Core/Src/main.o" --specs=nano.specs -mfpu=fpv4-sp-d16 -mfloat-abi=hard -mthumb -o "Core/Src/main.o"
arm-none-eabi-gcc "../Core/Src/stm32f3xx_hal_msp.c" -mcpu=cortex-m4 -std=gnu11 -g3 -DDEBUG -DUSE_HAL_DRIVER -DSTM32F303x8 -c -I../Core/Inc -I../Drivers/STM32F3xx_HAL_Driver/Inc -I../Drivers/STM32F3xx_HAL_Driver/Inc/Legacy -I../Drivers/CMSIS/Device/ST/STM32F3xx/Include -I../Drivers/CMSIS/Include -I"C:/travail/Hugo_ROYO/Sae_Robot_H_T/prgm_test_moteur/Common_api/Inc" -I"C:/travail/Hugo_ROYO/Sae_Robot_H_T/prgm_test_moteur/Nb_api/Inc" -O0 -ffunction-sections -fdata-sections -Wall -fstack-usage -fcyclomatic-complexity -MMD -MP -MF"Core/Src/stm32f3xx_hal_msp.d" -MT"Core/Src/stm32f3xx_hal_msp.o" --specs=nano.specs -mfpu=fpv4-sp-d16 -mfloat-abi=hard -mthumb -o "Core/Src/stm32f3xx_hal_msp.o"
arm-none-eabi-gcc "../Core/Src/stm32f3xx_it.c" -mcpu=cortex-m4 -std=gnu11 -g3 -DDEBUG -DUSE_HAL_DRIVER -DSTM32F303x8 -c -I../Core/Inc -I../Drivers/STM32F3xx_HAL_Driver/Inc -I../Drivers/STM32F3xx_HAL_Driver/Inc/Legacy -I../Drivers/CMSIS/Device/ST/STM32F3xx/Include -I../Drivers/CMSIS/Include -I"C:/travail/Hugo_ROYO/Sae_Robot_H_T/prgm_test_moteur/Common_api/Inc" -I"C:/travail/Hugo_ROYO/Sae_Robot_H_T/prgm_test_moteur/Nb_api/Inc" -O0 -ffunction-sections -fdata-sections -Wall -fstack-usage -fcyclomatic-complexity -MMD -MP -MF"Core/Src/stm32f3xx_it.d" -MT"Core/Src/stm32f3xx_it.o" --specs=nano.specs -mfpu=fpv4-sp-d16 -mfloat-abi=hard -mthumb -o "Core/Src/stm32f3xx_it.o"
arm-none-eabi-gcc "../Core/Src/syscalls.c" -mcpu=cortex-m4 -std=gnu11 -g3 -DDEBUG -DUSE_HAL_DRIVER -DSTM32F303x8 -c -I../Core/Inc -I../Drivers/STM32F3xx_HAL_Driver/Inc -I../Drivers/STM32F3xx_HAL_Driver/Inc/Legacy -I../Drivers/CMSIS/Device/ST/STM32F3xx/Include -I../Drivers/CMSIS/Include -I"C:/travail/Hugo_ROYO/Sae_Robot_H_T/prgm_test_moteur/Common_api/Inc" -I"C:/travail/Hugo_ROYO/Sae_Robot_H_T/prgm_test_moteur/Nb_api/Inc" -O0 -ffunction-sections -fdata-sections -Wall -fstack-usage -fcyclomatic-complexity -MMD -MP -MF"Core/Src/syscalls.d" -MT"Core/Src/syscalls.o" --specs=nano.specs -mfpu=fpv4-sp-d16 -mfloat-abi=hard -mthumb -o "Core/Src/syscalls.o"
arm-none-eabi-gcc "../Core/Src/sysmem.c" -mcpu=cortex-m4 -std=gnu11 -g3 -DDEBUG -DUSE_HAL_DRIVER -DSTM32F303x8 -c -I../Core/Inc -I../Drivers/STM32F3xx_HAL_Driver/Inc -I../Drivers/STM32F3xx_HAL_Driver/Inc/Legacy -I../Drivers/CMSIS/Device/ST/STM32F3xx/Include -I../Drivers/CMSIS/Include -I"C:/travail/Hugo_ROYO/Sae_Robot_H_T/prgm_test_moteur/Common_api/Inc" -I"C:/travail/Hugo_ROYO/Sae_Robot_H_T/prgm_test_moteur/Nb_api/Inc" -O0 -ffunction-sections -fdata-sections -Wall -fstack-usage -fcyclomatic-complexity -MMD -MP -MF"Core/Src/sysmem.d" -MT"Core/Src/sysmem.o" --specs=nano.specs -mfpu=fpv4-sp-d16 -mfloat-abi=hard -mthumb -o "Core/Src/sysmem.o"
arm-none-eabi-gcc "../Core/Src/system_stm32f3xx.c" -mcpu=cortex-m4 -std=gnu11 -g3 -DDEBUG -DUSE_HAL_DRIVER -DSTM32F303x8 -c -I../Core/Inc -I../Drivers/STM32F3xx_HAL_Driver/Inc -I../Drivers/STM32F3xx_HAL_Driver/Inc/Legacy -I../Drivers/CMSIS/Device/ST/STM32F3xx/Include -I../Drivers/CMSIS/Include -I"C:/travail/Hugo_ROYO/Sae_Robot_H_T/prgm_test_moteur/Common_api/Inc" -I"C:/travail/Hugo_ROYO/Sae_Robot_H_T/prgm_test_moteur/Nb_api/Inc" -O0 -ffunction-sections -fdata-sections -Wall -fstack-usage -fcyclomatic-complexity -MMD -MP -MF"Core/Src/system_stm32f3xx.d" -MT"Core/Src/system_stm32f3xx.o" --specs=nano.specs -mfpu=fpv4-sp-d16 -mfloat-abi=hard -mthumb -o "Core/Src/system_stm32f3xx.o"
arm-none-eabi-gcc "../Core/Src/tim.c" -mcpu=cortex-m4 -std=gnu11 -g3 -DDEBUG -DUSE_HAL_DRIVER -DSTM32F303x8 -c -I../Core/Inc -I../Drivers/STM32F3xx_HAL_Driver/Inc -I../Drivers/STM32F3xx_HAL_Driver/Inc/Legacy -I../Drivers/CMSIS/Device/ST/STM32F3xx/Include -I../Drivers/CMSIS/Include -I"C:/travail/Hugo_ROYO/Sae_Robot_H_T/prgm_test_moteur/Common_api/Inc" -I"C:/travail/Hugo_ROYO/Sae_Robot_H_T/prgm_test_moteur/Nb_api/Inc" -O0 -ffunction-sections -fdata-sections -Wall -fstack-usage -fcyclomatic-complexity -MMD -MP -MF"Core/Src/tim.d" -MT"Core/Src/tim.o" --specs=nano.specs -mfpu=fpv4-sp-d16 -mfloat-abi=hard -mthumb -o "Core/Src/tim.o"
arm-none-eabi-gcc "../Common_api/Src/adc_dac_api.c" -mcpu=cortex-m4 -std=gnu11 -g3 -DDEBUG -DUSE_HAL_DRIVER -DSTM32F303x8 -c -I../Core/Inc -I../Drivers/STM32F3xx_HAL_Driver/Inc -I../Drivers/STM32F3xx_HAL_Driver/Inc/Legacy -I../Drivers/CMSIS/Device/ST/STM32F3xx/Include -I../Drivers/CMSIS/Include -I"C:/travail/Hugo_ROYO/Sae_Robot_H_T/prgm_test_moteur/Common_api/Inc" -I"C:/travail/Hugo_ROYO/Sae_Robot_H_T/prgm_test_moteur/Nb_api/Inc" -O0 -ffunction-sections -fdata-sections -Wall -fstack-usage -fcyclomatic-complexity -MMD -MP -MF"Common_api/Src/adc_dac_api.d" -MT"Common_api/Src/adc_dac_api.o" --specs=nano.specs -mfpu=fpv4-sp-d16 -mfloat-abi=hard -mthumb -o "Common_api/Src/adc_dac_api.o"
arm-none-eabi-gcc "../Common_api/Src/clock_api.c" -mcpu=cortex-m4 -std=gnu11 -g3 -DDEBUG -DUSE_HAL_DRIVER -DSTM32F303x8 -c -I../Core/Inc -I../Drivers/STM32F3xx_HAL_Driver/Inc -I../Drivers/STM32F3xx_HAL_Driver/Inc/Legacy -I../Drivers/CMSIS/Device/ST/STM32F3xx/Include -I../Drivers/CMSIS/Include -I"C:/travail/Hugo_ROYO/Sae_Robot_H_T/prgm_test_moteur/Common_api/Inc" -I"C:/travail/Hugo_ROYO/Sae_Robot_H_T/prgm_test_moteur/Nb_api/Inc" -O0 -ffunction-sections -fdata-sections -Wall -fstack-usage -fcyclomatic-complexity -MMD -MP -MF"Common_api/Src/clock_api.d" -MT"Common_api/Src/clock_api.o" --specs=nano.specs -mfpu=fpv4-sp-d16 -mfloat-abi=hard -mthumb -o "Common_api/Src/clock_api.o"
arm-none-eabi-gcc "../Common_api/Src/error_api.c" -mcpu=cortex-m4 -std=gnu11 -g3 -DDEBUG -DUSE_HAL_DRIVER -DSTM32F303x8 -c -I../Core/Inc -I../Drivers/STM32F3xx_HAL_Driver/Inc -I../Drivers/STM32F3xx_HAL_Driver/Inc/Legacy -I../Drivers/CMSIS/Device/ST/STM32F3xx/Include -I../Drivers/CMSIS/Include -I"C:/travail/Hugo_ROYO/Sae_Robot_H_T/prgm_test_moteur/Common_api/Inc" -I"C:/travail/Hugo_ROYO/Sae_Robot_H_T/prgm_test_moteur/Nb_api/Inc" -O0 -ffunction-sections -fdata-sections -Wall -fstack-usage -fcyclomatic-complexity -MMD -MP -MF"Common_api/Src/error_api.d" -MT"Common_api/Src/error_api.o" --specs=nano.specs -mfpu=fpv4-sp-d16 -mfloat-abi=hard -mthumb -o "Common_api/Src/error_api.o"
arm-none-eabi-gcc "../Common_api/Src/gpio_api.c" -mcpu=cortex-m4 -std=gnu11 -g3 -DDEBUG -DUSE_HAL_DRIVER -DSTM32F303x8 -c -I../Core/Inc -I../Drivers/STM32F3xx_HAL_Driver/Inc -I../Drivers/STM32F3xx_HAL_Driver/Inc/Legacy -I../Drivers/CMSIS/Device/ST/STM32F3xx/Include -I../Drivers/CMSIS/Include -I"C:/travail/Hugo_ROYO/Sae_Robot_H_T/prgm_test_moteur/Common_api/Inc" -I"C:/travail/Hugo_ROYO/Sae_Robot_H_T/prgm_test_moteur/Nb_api/Inc" -O0 -ffunction-sections -fdata-sections -Wall -fstack-usage -fcyclomatic-complexity -MMD -MP -MF"Common_api/Src/gpio_api.d" -MT"Common_api/Src/gpio_api.o" --specs=nano.specs -mfpu=fpv4-sp-d16 -mfloat-abi=hard -mthumb -o "Common_api/Src/gpio_api.o"
arm-none-eabi-gcc "../Common_api/Src/tim_api.c" -mcpu=cortex-m4 -std=gnu11 -g3 -DDEBUG -DUSE_HAL_DRIVER -DSTM32F303x8 -c -I../Core/Inc -I../Drivers/STM32F3xx_HAL_Driver/Inc -I../Drivers/STM32F3xx_HAL_Driver/Inc/Legacy -I../Drivers/CMSIS/Device/ST/STM32F3xx/Include -I../Drivers/CMSIS/Include -I"C:/travail/Hugo_ROYO/Sae_Robot_H_T/prgm_test_moteur/Common_api/Inc" -I"C:/travail/Hugo_ROYO/Sae_Robot_H_T/prgm_test_moteur/Nb_api/Inc" -O0 -ffunction-sections -fdata-sections -Wall -fstack-usage -fcyclomatic-complexity -MMD -MP -MF"Common_api/Src/tim_api.d" -MT"Common_api/Src/tim_api.o" --specs=nano.specs -mfpu=fpv4-sp-d16 -mfloat-abi=hard -mthumb -o "Common_api/Src/tim_api.o"
arm-none-eabi-gcc -o "prgm_test_moteur.elf" @"objects.list"   -mcpu=cortex-m4 -T"C:\travail\Hugo_ROYO\Sae_Robot_H_T\prgm_test_moteur\STM32F303K8TX_FLASH.ld" --specs=nosys.specs -Wl,-Map="prgm_test_moteur.map" -Wl,--gc-sections -static --specs=nano.specs -mfpu=fpv4-sp-d16 -mfloat-abi=hard -mthumb -u _printf_float -u _scanf_float -Wl,--start-group -lc -lm -Wl,--end-group
Finished building target: prgm_test_moteur.elf
 
arm-none-eabi-size  prgm_test_moteur.elf 
arm-none-eabi-objdump -h -S prgm_test_moteur.elf  > "prgm_test_moteur.list"
arm-none-eabi-objcopy  -O binary prgm_test_moteur.elf  "prgm_test_moteur.bin"
   text	   data	    bss	    dec	    hex	filename
  50324	    468	   4172	  54964	   d6b4	prgm_test_moteur.elf
Finished building: default.size.stdout
 
Finished building: prgm_test_moteur.bin
 
Finished building: prgm_test_moteur.list
 
12:10:14 **** Incremental Build of configuration Debug for project prgm_test_moteur ****
make -j8 all 
arm-none-eabi-size  prgm_test_moteur.elf 
   text	   data	    bss	    dec	    hex	filename
  50324	    468	   4172	  54964	   d6b4	prgm_test_moteur.elf
Finished building: default.size.stdout
 
